Analysis & Synthesis report for NN_Neuron
Fri Feb 19 16:24:47 2021
Quartus II 64-Bit Version 13.0.1 Build 232 06/12/2013 Service Pack 1 SJ Web Edition


---------------------
; Table of Contents ;
---------------------
  1. Legal Notice
  2. Analysis & Synthesis Summary
  3. Analysis & Synthesis Settings
  4. Parallel Compilation
  5. Analysis & Synthesis Source Files Read
  6. Analysis & Synthesis Resource Usage Summary
  7. Analysis & Synthesis Resource Utilization by Entity
  8. Analysis & Synthesis DSP Block Usage Summary
  9. General Register Statistics
 10. Multiplexer Restructuring Statistics (Restructuring Performed)
 11. Parameter Settings for Inferred Entity Instance: sum_python_4:sum_all|lpm_mult:Mult3
 12. Parameter Settings for Inferred Entity Instance: sum_python_4:sum_all|lpm_mult:Mult2
 13. Parameter Settings for Inferred Entity Instance: sum_python_4:sum_all|lpm_mult:Mult1
 14. Parameter Settings for Inferred Entity Instance: sum_python_4:sum_all|lpm_mult:Mult0
 15. lpm_mult Parameter Settings by Entity Instance
 16. Port Connectivity Checks: "registrador:reg_sum"
 17. Elapsed Time Per Partition
 18. Analysis & Synthesis Messages



----------------
; Legal Notice ;
----------------
Copyright (C) 1991-2013 Altera Corporation
Your use of Altera Corporation's design tools, logic functions 
and other software and tools, and its AMPP partner logic 
functions, and any output files from any of the foregoing 
(including device programming or simulation files), and any 
associated documentation or information are expressly subject 
to the terms and conditions of the Altera Program License 
Subscription Agreement, Altera MegaCore Function License 
Agreement, or other applicable license agreement, including, 
without limitation, that your use is for the sole purpose of 
programming logic devices manufactured by Altera and sold by 
Altera or its authorized distributors.  Please refer to the 
applicable agreement for further details.



+--------------------------------------------------------------------------------------+
; Analysis & Synthesis Summary                                                         ;
+------------------------------------+-------------------------------------------------+
; Analysis & Synthesis Status        ; Successful - Fri Feb 19 16:24:47 2021           ;
; Quartus II 64-Bit Version          ; 13.0.1 Build 232 06/12/2013 SP 1 SJ Web Edition ;
; Revision Name                      ; NN_Neuron                                       ;
; Top-level Entity Name              ; top_no_comp_python_4                            ;
; Family                             ; Cyclone II                                      ;
; Total logic elements               ; 3,800                                           ;
;     Total combinational functions  ; 1,743                                           ;
;     Dedicated logic registers      ; 2,090                                           ;
; Total registers                    ; 2090                                            ;
; Total pins                         ; 109                                             ;
; Total virtual pins                 ; 0                                               ;
; Total memory bits                  ; 0                                               ;
; Embedded Multiplier 9-bit elements ; 4                                               ;
; Total PLLs                         ; 0                                               ;
+------------------------------------+-------------------------------------------------+


+------------------------------------------------------------------------------------------------------------------------+
; Analysis & Synthesis Settings                                                                                          ;
+----------------------------------------------------------------------------+----------------------+--------------------+
; Option                                                                     ; Setting              ; Default Value      ;
+----------------------------------------------------------------------------+----------------------+--------------------+
; Device                                                                     ; EP2C35F672C6         ;                    ;
; Top-level entity name                                                      ; top_no_comp_python_4 ; NN_Neuron          ;
; Family name                                                                ; Cyclone II           ; Cyclone IV GX      ;
; Use smart compilation                                                      ; Off                  ; Off                ;
; Enable parallel Assembler and TimeQuest Timing Analyzer during compilation ; On                   ; On                 ;
; Enable compact report table                                                ; Off                  ; Off                ;
; Restructure Multiplexers                                                   ; Auto                 ; Auto               ;
; Create Debugging Nodes for IP Cores                                        ; Off                  ; Off                ;
; Preserve fewer node names                                                  ; On                   ; On                 ;
; Disable OpenCore Plus hardware evaluation                                  ; Off                  ; Off                ;
; Verilog Version                                                            ; Verilog_2001         ; Verilog_2001       ;
; VHDL Version                                                               ; VHDL_1993            ; VHDL_1993          ;
; State Machine Processing                                                   ; Auto                 ; Auto               ;
; Safe State Machine                                                         ; Off                  ; Off                ;
; Extract Verilog State Machines                                             ; On                   ; On                 ;
; Extract VHDL State Machines                                                ; On                   ; On                 ;
; Ignore Verilog initial constructs                                          ; Off                  ; Off                ;
; Iteration limit for constant Verilog loops                                 ; 5000                 ; 5000               ;
; Iteration limit for non-constant Verilog loops                             ; 250                  ; 250                ;
; Add Pass-Through Logic to Inferred RAMs                                    ; On                   ; On                 ;
; Infer RAMs from Raw Logic                                                  ; On                   ; On                 ;
; Parallel Synthesis                                                         ; On                   ; On                 ;
; DSP Block Balancing                                                        ; Auto                 ; Auto               ;
; NOT Gate Push-Back                                                         ; On                   ; On                 ;
; Power-Up Don't Care                                                        ; On                   ; On                 ;
; Remove Redundant Logic Cells                                               ; Off                  ; Off                ;
; Remove Duplicate Registers                                                 ; On                   ; On                 ;
; Ignore CARRY Buffers                                                       ; Off                  ; Off                ;
; Ignore CASCADE Buffers                                                     ; Off                  ; Off                ;
; Ignore GLOBAL Buffers                                                      ; Off                  ; Off                ;
; Ignore ROW GLOBAL Buffers                                                  ; Off                  ; Off                ;
; Ignore LCELL Buffers                                                       ; Off                  ; Off                ;
; Ignore SOFT Buffers                                                        ; On                   ; On                 ;
; Limit AHDL Integers to 32 Bits                                             ; Off                  ; Off                ;
; Optimization Technique                                                     ; Balanced             ; Balanced           ;
; Carry Chain Length                                                         ; 70                   ; 70                 ;
; Auto Carry Chains                                                          ; On                   ; On                 ;
; Auto Open-Drain Pins                                                       ; On                   ; On                 ;
; Perform WYSIWYG Primitive Resynthesis                                      ; Off                  ; Off                ;
; Auto ROM Replacement                                                       ; On                   ; On                 ;
; Auto RAM Replacement                                                       ; On                   ; On                 ;
; Auto Shift Register Replacement                                            ; Auto                 ; Auto               ;
; Allow Shift Register Merging across Hierarchies                            ; Auto                 ; Auto               ;
; Auto Clock Enable Replacement                                              ; On                   ; On                 ;
; Strict RAM Replacement                                                     ; Off                  ; Off                ;
; Allow Synchronous Control Signals                                          ; On                   ; On                 ;
; Force Use of Synchronous Clear Signals                                     ; Off                  ; Off                ;
; Auto RAM to Logic Cell Conversion                                          ; Off                  ; Off                ;
; Auto Resource Sharing                                                      ; Off                  ; Off                ;
; Allow Any RAM Size For Recognition                                         ; Off                  ; Off                ;
; Allow Any ROM Size For Recognition                                         ; Off                  ; Off                ;
; Allow Any Shift Register Size For Recognition                              ; Off                  ; Off                ;
; Use LogicLock Constraints during Resource Balancing                        ; On                   ; On                 ;
; Ignore translate_off and synthesis_off directives                          ; Off                  ; Off                ;
; Timing-Driven Synthesis                                                    ; Off                  ; Off                ;
; Report Parameter Settings                                                  ; On                   ; On                 ;
; Report Source Assignments                                                  ; On                   ; On                 ;
; Report Connectivity Checks                                                 ; On                   ; On                 ;
; Ignore Maximum Fan-Out Assignments                                         ; Off                  ; Off                ;
; Synchronization Register Chain Length                                      ; 2                    ; 2                  ;
; PowerPlay Power Optimization                                               ; Normal compilation   ; Normal compilation ;
; HDL message level                                                          ; Level2               ; Level2             ;
; Suppress Register Optimization Related Messages                            ; Off                  ; Off                ;
; Number of Removed Registers Reported in Synthesis Report                   ; 5000                 ; 5000               ;
; Number of Swept Nodes Reported in Synthesis Report                         ; 5000                 ; 5000               ;
; Number of Inverted Registers Reported in Synthesis Report                  ; 100                  ; 100                ;
; Clock MUX Protection                                                       ; On                   ; On                 ;
; Auto Gated Clock Conversion                                                ; Off                  ; Off                ;
; Block Design Naming                                                        ; Auto                 ; Auto               ;
; SDC constraint protection                                                  ; Off                  ; Off                ;
; Synthesis Effort                                                           ; Auto                 ; Auto               ;
; Shift Register Replacement - Allow Asynchronous Clear Signal               ; On                   ; On                 ;
; Pre-Mapping Resynthesis Optimization                                       ; Off                  ; Off                ;
; Analysis & Synthesis Message Level                                         ; Medium               ; Medium             ;
; Disable Register Merging Across Hierarchies                                ; Auto                 ; Auto               ;
; Resource Aware Inference For Block RAM                                     ; On                   ; On                 ;
; Synthesis Seed                                                             ; 1                    ; 1                  ;
+----------------------------------------------------------------------------+----------------------+--------------------+


Parallel compilation was disabled, but you have multiple processors available. Enable parallel compilation to reduce compilation time.
+-------------------------------------+
; Parallel Compilation                ;
+----------------------------+--------+
; Processors                 ; Number ;
+----------------------------+--------+
; Number detected on machine ; 4      ;
; Maximum allowed            ; 1      ;
+----------------------------+--------+


+---------------------------------------------------------------------------------------------------------------------------------------------------------------------------------------------------------------------------------------------------------------------------+
; Analysis & Synthesis Source Files Read                                                                                                                                                                                                                                    ;
+------------------------------------------+-----------------+------------------------------+---------------------------------------------------------------------------------------------------------------------------------------------------------------------+---------+
; File Name with User-Entered Path         ; Used in Netlist ; File Type                    ; File Name with Absolute Path                                                                                                                                        ; Library ;
+------------------------------------------+-----------------+------------------------------+---------------------------------------------------------------------------------------------------------------------------------------------------------------------+---------+
; python_vhds/n_4/top_no_comp_python_4.vhd ; yes             ; User VHDL File               ; C:/Users/luisa/Documents/Materias/UFSC/20201/Lab_EBD_ECL/Perpeptron/NN_Neuron_unsigned_no_components_generic_inputs_python/python_vhds/n_4/top_no_comp_python_4.vhd ;         ;
; python_vhds/n_4/sum_python_4.vhd         ; yes             ; User VHDL File               ; C:/Users/luisa/Documents/Materias/UFSC/20201/Lab_EBD_ECL/Perpeptron/NN_Neuron_unsigned_no_components_generic_inputs_python/python_vhds/n_4/sum_python_4.vhd         ;         ;
; mem.vhd                                  ; yes             ; User VHDL File               ; C:/Users/luisa/Documents/Materias/UFSC/20201/Lab_EBD_ECL/Perpeptron/NN_Neuron_unsigned_no_components_generic_inputs_python/mem.vhd                                  ;         ;
; STD_DT.vhd                               ; yes             ; User VHDL File               ; C:/Users/luisa/Documents/Materias/UFSC/20201/Lab_EBD_ECL/Perpeptron/NN_Neuron_unsigned_no_components_generic_inputs_python/STD_DT.vhd                               ;         ;
; registrador.vhd                          ; yes             ; User VHDL File               ; C:/Users/luisa/Documents/Materias/UFSC/20201/Lab_EBD_ECL/Perpeptron/NN_Neuron_unsigned_no_components_generic_inputs_python/registrador.vhd                          ;         ;
; lpm_mult.tdf                             ; yes             ; Megafunction                 ; c:/altera/13.0sp1/quartus/libraries/megafunctions/lpm_mult.tdf                                                                                                      ;         ;
; aglobal130.inc                           ; yes             ; Megafunction                 ; c:/altera/13.0sp1/quartus/libraries/megafunctions/aglobal130.inc                                                                                                    ;         ;
; lpm_add_sub.inc                          ; yes             ; Megafunction                 ; c:/altera/13.0sp1/quartus/libraries/megafunctions/lpm_add_sub.inc                                                                                                   ;         ;
; multcore.inc                             ; yes             ; Megafunction                 ; c:/altera/13.0sp1/quartus/libraries/megafunctions/multcore.inc                                                                                                      ;         ;
; bypassff.inc                             ; yes             ; Megafunction                 ; c:/altera/13.0sp1/quartus/libraries/megafunctions/bypassff.inc                                                                                                      ;         ;
; altshift.inc                             ; yes             ; Megafunction                 ; c:/altera/13.0sp1/quartus/libraries/megafunctions/altshift.inc                                                                                                      ;         ;
; db/mult_o5t.tdf                          ; yes             ; Auto-Generated Megafunction  ; C:/Users/luisa/Documents/Materias/UFSC/20201/Lab_EBD_ECL/Perpeptron/NN_Neuron_unsigned_no_components_generic_inputs_python/db/mult_o5t.tdf                          ;         ;
+------------------------------------------+-----------------+------------------------------+---------------------------------------------------------------------------------------------------------------------------------------------------------------------+---------+


+-----------------------------------------------------+
; Analysis & Synthesis Resource Usage Summary         ;
+---------------------------------------------+-------+
; Resource                                    ; Usage ;
+---------------------------------------------+-------+
; Estimated Total logic elements              ; 3,800 ;
;                                             ;       ;
; Total combinational functions               ; 1743  ;
; Logic element usage by number of LUT inputs ;       ;
;     -- 4 input functions                    ; 1404  ;
;     -- 3 input functions                    ; 323   ;
;     -- <=2 input functions                  ; 16    ;
;                                             ;       ;
; Logic elements by mode                      ;       ;
;     -- normal mode                          ; 1683  ;
;     -- arithmetic mode                      ; 60    ;
;                                             ;       ;
; Total registers                             ; 2090  ;
;     -- Dedicated logic registers            ; 2090  ;
;     -- I/O registers                        ; 0     ;
;                                             ;       ;
; I/O pins                                    ; 109   ;
; Embedded Multiplier 9-bit elements          ; 4     ;
; Maximum fan-out node                        ; clk   ;
; Maximum fan-out                             ; 2090  ;
; Total fan-out                               ; 12998 ;
; Average fan-out                             ; 3.29  ;
+---------------------------------------------+-------+


+---------------------------------------------------------------------------------------------------------------------------------------------------------------------------------------------------------------------------------------------------+
; Analysis & Synthesis Resource Utilization by Entity                                                                                                                                                                                               ;
+------------------------------------+-------------------+--------------+-------------+--------------+---------+-----------+------+--------------+-----------------------------------------------------------------------------------+--------------+
; Compilation Hierarchy Node         ; LC Combinationals ; LC Registers ; Memory Bits ; DSP Elements ; DSP 9x9 ; DSP 18x18 ; Pins ; Virtual Pins ; Full Hierarchy Name                                                               ; Library Name ;
+------------------------------------+-------------------+--------------+-------------+--------------+---------+-----------+------+--------------+-----------------------------------------------------------------------------------+--------------+
; |top_no_comp_python_4              ; 1743 (28)         ; 2090 (9)     ; 0           ; 4            ; 4       ; 0         ; 109  ; 0            ; |top_no_comp_python_4                                                             ; work         ;
;    |mem:memory|                    ; 1640 (1640)       ; 2056 (2056)  ; 0           ; 0            ; 0       ; 0         ; 0    ; 0            ; |top_no_comp_python_4|mem:memory                                                  ; work         ;
;    |sum_python_4:sum_all|          ; 75 (75)           ; 25 (25)      ; 0           ; 4            ; 4       ; 0         ; 0    ; 0            ; |top_no_comp_python_4|sum_python_4:sum_all                                        ; work         ;
;       |lpm_mult:Mult0|             ; 0 (0)             ; 0 (0)        ; 0           ; 1            ; 1       ; 0         ; 0    ; 0            ; |top_no_comp_python_4|sum_python_4:sum_all|lpm_mult:Mult0                         ; work         ;
;          |mult_o5t:auto_generated| ; 0 (0)             ; 0 (0)        ; 0           ; 1            ; 1       ; 0         ; 0    ; 0            ; |top_no_comp_python_4|sum_python_4:sum_all|lpm_mult:Mult0|mult_o5t:auto_generated ; work         ;
;       |lpm_mult:Mult1|             ; 0 (0)             ; 0 (0)        ; 0           ; 1            ; 1       ; 0         ; 0    ; 0            ; |top_no_comp_python_4|sum_python_4:sum_all|lpm_mult:Mult1                         ; work         ;
;          |mult_o5t:auto_generated| ; 0 (0)             ; 0 (0)        ; 0           ; 1            ; 1       ; 0         ; 0    ; 0            ; |top_no_comp_python_4|sum_python_4:sum_all|lpm_mult:Mult1|mult_o5t:auto_generated ; work         ;
;       |lpm_mult:Mult2|             ; 0 (0)             ; 0 (0)        ; 0           ; 1            ; 1       ; 0         ; 0    ; 0            ; |top_no_comp_python_4|sum_python_4:sum_all|lpm_mult:Mult2                         ; work         ;
;          |mult_o5t:auto_generated| ; 0 (0)             ; 0 (0)        ; 0           ; 1            ; 1       ; 0         ; 0    ; 0            ; |top_no_comp_python_4|sum_python_4:sum_all|lpm_mult:Mult2|mult_o5t:auto_generated ; work         ;
;       |lpm_mult:Mult3|             ; 0 (0)             ; 0 (0)        ; 0           ; 1            ; 1       ; 0         ; 0    ; 0            ; |top_no_comp_python_4|sum_python_4:sum_all|lpm_mult:Mult3                         ; work         ;
;          |mult_o5t:auto_generated| ; 0 (0)             ; 0 (0)        ; 0           ; 1            ; 1       ; 0         ; 0    ; 0            ; |top_no_comp_python_4|sum_python_4:sum_all|lpm_mult:Mult3|mult_o5t:auto_generated ; work         ;
+------------------------------------+-------------------+--------------+-------------+--------------+---------+-----------+------+--------------+-----------------------------------------------------------------------------------+--------------+
Note: For table entries with two numbers listed, the numbers in parentheses indicate the number of resources of the given type used by the specific entity alone. The numbers listed outside of parentheses indicate the total resources of the given type used by the specific entity and all of its sub-entities in the hierarchy.


+-----------------------------------------------------+
; Analysis & Synthesis DSP Block Usage Summary        ;
+---------------------------------------+-------------+
; Statistic                             ; Number Used ;
+---------------------------------------+-------------+
; Simple Multipliers (9-bit)            ; 4           ;
; Simple Multipliers (18-bit)           ; 0           ;
; Embedded Multiplier Blocks            ; --          ;
; Embedded Multiplier 9-bit elements    ; 4           ;
; Signed Embedded Multipliers           ; 0           ;
; Unsigned Embedded Multipliers         ; 4           ;
; Mixed Sign Embedded Multipliers       ; 0           ;
; Variable Sign Embedded Multipliers    ; 0           ;
; Dedicated Input Shift Register Chains ; 0           ;
+---------------------------------------+-------------+
Note: number of Embedded Multiplier Blocks used is only available after a successful fit.


+------------------------------------------------------+
; General Register Statistics                          ;
+----------------------------------------------+-------+
; Statistic                                    ; Value ;
+----------------------------------------------+-------+
; Total registers                              ; 2090  ;
; Number of registers using Synchronous Clear  ; 0     ;
; Number of registers using Synchronous Load   ; 0     ;
; Number of registers using Asynchronous Clear ; 18    ;
; Number of registers using Asynchronous Load  ; 0     ;
; Number of registers using Clock Enable       ; 2089  ;
; Number of registers using Preset             ; 0     ;
+----------------------------------------------+-------+


+-----------------------------------------------------------------------------------------------------------------------------------------------------+
; Multiplexer Restructuring Statistics (Restructuring Performed)                                                                                      ;
+--------------------+-----------+---------------+----------------------+------------------------+------------+---------------------------------------+
; Multiplexer Inputs ; Bus Width ; Baseline Area ; Area if Restructured ; Saving if Restructured ; Registered ; Example Multiplexer Output            ;
+--------------------+-----------+---------------+----------------------+------------------------+------------+---------------------------------------+
; 3:1                ; 8 bits    ; 16 LEs        ; 16 LEs               ; 0 LEs                  ; Yes        ; |top_no_comp_python_4|y[0]~reg0       ;
; 256:1              ; 8 bits    ; 1360 LEs      ; 1360 LEs             ; 0 LEs                  ; No         ; |top_no_comp_python_4|mem:memory|Mux7 ;
+--------------------+-----------+---------------+----------------------+------------------------+------------+---------------------------------------+


+--------------------------------------------------------------------------------------+
; Parameter Settings for Inferred Entity Instance: sum_python_4:sum_all|lpm_mult:Mult3 ;
+------------------------------------------------+------------+------------------------+
; Parameter Name                                 ; Value      ; Type                   ;
+------------------------------------------------+------------+------------------------+
; AUTO_CARRY_CHAINS                              ; ON         ; AUTO_CARRY             ;
; IGNORE_CARRY_BUFFERS                           ; OFF        ; IGNORE_CARRY           ;
; AUTO_CASCADE_CHAINS                            ; ON         ; AUTO_CASCADE           ;
; IGNORE_CASCADE_BUFFERS                         ; OFF        ; IGNORE_CASCADE         ;
; LPM_WIDTHA                                     ; 8          ; Untyped                ;
; LPM_WIDTHB                                     ; 8          ; Untyped                ;
; LPM_WIDTHP                                     ; 16         ; Untyped                ;
; LPM_WIDTHR                                     ; 16         ; Untyped                ;
; LPM_WIDTHS                                     ; 1          ; Untyped                ;
; LPM_REPRESENTATION                             ; UNSIGNED   ; Untyped                ;
; LPM_PIPELINE                                   ; 0          ; Untyped                ;
; LATENCY                                        ; 0          ; Untyped                ;
; INPUT_A_IS_CONSTANT                            ; NO         ; Untyped                ;
; INPUT_B_IS_CONSTANT                            ; NO         ; Untyped                ;
; USE_EAB                                        ; OFF        ; Untyped                ;
; MAXIMIZE_SPEED                                 ; 5          ; Untyped                ;
; DEVICE_FAMILY                                  ; Cyclone II ; Untyped                ;
; CARRY_CHAIN                                    ; MANUAL     ; Untyped                ;
; APEX20K_TECHNOLOGY_MAPPER                      ; LUT        ; TECH_MAPPER_APEX20K    ;
; DEDICATED_MULTIPLIER_CIRCUITRY                 ; AUTO       ; Untyped                ;
; DEDICATED_MULTIPLIER_MIN_INPUT_WIDTH_FOR_AUTO  ; 0          ; Untyped                ;
; DEDICATED_MULTIPLIER_MIN_OUTPUT_WIDTH_FOR_AUTO ; 0          ; Untyped                ;
; CBXI_PARAMETER                                 ; mult_o5t   ; Untyped                ;
; INPUT_A_FIXED_VALUE                            ; Bx         ; Untyped                ;
; INPUT_B_FIXED_VALUE                            ; Bx         ; Untyped                ;
; USE_AHDL_IMPLEMENTATION                        ; OFF        ; Untyped                ;
+------------------------------------------------+------------+------------------------+
Note: In order to hide this table in the UI and the text report file, please set the "Show Parameter Settings in Synthesis Report" option in "Analysis and Synthesis Settings -> More Settings" to "Off".


+--------------------------------------------------------------------------------------+
; Parameter Settings for Inferred Entity Instance: sum_python_4:sum_all|lpm_mult:Mult2 ;
+------------------------------------------------+------------+------------------------+
; Parameter Name                                 ; Value      ; Type                   ;
+------------------------------------------------+------------+------------------------+
; AUTO_CARRY_CHAINS                              ; ON         ; AUTO_CARRY             ;
; IGNORE_CARRY_BUFFERS                           ; OFF        ; IGNORE_CARRY           ;
; AUTO_CASCADE_CHAINS                            ; ON         ; AUTO_CASCADE           ;
; IGNORE_CASCADE_BUFFERS                         ; OFF        ; IGNORE_CASCADE         ;
; LPM_WIDTHA                                     ; 8          ; Untyped                ;
; LPM_WIDTHB                                     ; 8          ; Untyped                ;
; LPM_WIDTHP                                     ; 16         ; Untyped                ;
; LPM_WIDTHR                                     ; 16         ; Untyped                ;
; LPM_WIDTHS                                     ; 1          ; Untyped                ;
; LPM_REPRESENTATION                             ; UNSIGNED   ; Untyped                ;
; LPM_PIPELINE                                   ; 0          ; Untyped                ;
; LATENCY                                        ; 0          ; Untyped                ;
; INPUT_A_IS_CONSTANT                            ; NO         ; Untyped                ;
; INPUT_B_IS_CONSTANT                            ; NO         ; Untyped                ;
; USE_EAB                                        ; OFF        ; Untyped                ;
; MAXIMIZE_SPEED                                 ; 5          ; Untyped                ;
; DEVICE_FAMILY                                  ; Cyclone II ; Untyped                ;
; CARRY_CHAIN                                    ; MANUAL     ; Untyped                ;
; APEX20K_TECHNOLOGY_MAPPER                      ; LUT        ; TECH_MAPPER_APEX20K    ;
; DEDICATED_MULTIPLIER_CIRCUITRY                 ; AUTO       ; Untyped                ;
; DEDICATED_MULTIPLIER_MIN_INPUT_WIDTH_FOR_AUTO  ; 0          ; Untyped                ;
; DEDICATED_MULTIPLIER_MIN_OUTPUT_WIDTH_FOR_AUTO ; 0          ; Untyped                ;
; CBXI_PARAMETER                                 ; mult_o5t   ; Untyped                ;
; INPUT_A_FIXED_VALUE                            ; Bx         ; Untyped                ;
; INPUT_B_FIXED_VALUE                            ; Bx         ; Untyped                ;
; USE_AHDL_IMPLEMENTATION                        ; OFF        ; Untyped                ;
+------------------------------------------------+------------+------------------------+
Note: In order to hide this table in the UI and the text report file, please set the "Show Parameter Settings in Synthesis Report" option in "Analysis and Synthesis Settings -> More Settings" to "Off".


+--------------------------------------------------------------------------------------+
; Parameter Settings for Inferred Entity Instance: sum_python_4:sum_all|lpm_mult:Mult1 ;
+------------------------------------------------+------------+------------------------+
; Parameter Name                                 ; Value      ; Type                   ;
+------------------------------------------------+------------+------------------------+
; AUTO_CARRY_CHAINS                              ; ON         ; AUTO_CARRY             ;
; IGNORE_CARRY_BUFFERS                           ; OFF        ; IGNORE_CARRY           ;
; AUTO_CASCADE_CHAINS                            ; ON         ; AUTO_CASCADE           ;
; IGNORE_CASCADE_BUFFERS                         ; OFF        ; IGNORE_CASCADE         ;
; LPM_WIDTHA                                     ; 8          ; Untyped                ;
; LPM_WIDTHB                                     ; 8          ; Untyped                ;
; LPM_WIDTHP                                     ; 16         ; Untyped                ;
; LPM_WIDTHR                                     ; 16         ; Untyped                ;
; LPM_WIDTHS                                     ; 1          ; Untyped                ;
; LPM_REPRESENTATION                             ; UNSIGNED   ; Untyped                ;
; LPM_PIPELINE                                   ; 0          ; Untyped                ;
; LATENCY                                        ; 0          ; Untyped                ;
; INPUT_A_IS_CONSTANT                            ; NO         ; Untyped                ;
; INPUT_B_IS_CONSTANT                            ; NO         ; Untyped                ;
; USE_EAB                                        ; OFF        ; Untyped                ;
; MAXIMIZE_SPEED                                 ; 5          ; Untyped                ;
; DEVICE_FAMILY                                  ; Cyclone II ; Untyped                ;
; CARRY_CHAIN                                    ; MANUAL     ; Untyped                ;
; APEX20K_TECHNOLOGY_MAPPER                      ; LUT        ; TECH_MAPPER_APEX20K    ;
; DEDICATED_MULTIPLIER_CIRCUITRY                 ; AUTO       ; Untyped                ;
; DEDICATED_MULTIPLIER_MIN_INPUT_WIDTH_FOR_AUTO  ; 0          ; Untyped                ;
; DEDICATED_MULTIPLIER_MIN_OUTPUT_WIDTH_FOR_AUTO ; 0          ; Untyped                ;
; CBXI_PARAMETER                                 ; mult_o5t   ; Untyped                ;
; INPUT_A_FIXED_VALUE                            ; Bx         ; Untyped                ;
; INPUT_B_FIXED_VALUE                            ; Bx         ; Untyped                ;
; USE_AHDL_IMPLEMENTATION                        ; OFF        ; Untyped                ;
+------------------------------------------------+------------+------------------------+
Note: In order to hide this table in the UI and the text report file, please set the "Show Parameter Settings in Synthesis Report" option in "Analysis and Synthesis Settings -> More Settings" to "Off".


+--------------------------------------------------------------------------------------+
; Parameter Settings for Inferred Entity Instance: sum_python_4:sum_all|lpm_mult:Mult0 ;
+------------------------------------------------+------------+------------------------+
; Parameter Name                                 ; Value      ; Type                   ;
+------------------------------------------------+------------+------------------------+
; AUTO_CARRY_CHAINS                              ; ON         ; AUTO_CARRY             ;
; IGNORE_CARRY_BUFFERS                           ; OFF        ; IGNORE_CARRY           ;
; AUTO_CASCADE_CHAINS                            ; ON         ; AUTO_CASCADE           ;
; IGNORE_CASCADE_BUFFERS                         ; OFF        ; IGNORE_CASCADE         ;
; LPM_WIDTHA                                     ; 8          ; Untyped                ;
; LPM_WIDTHB                                     ; 8          ; Untyped                ;
; LPM_WIDTHP                                     ; 16         ; Untyped                ;
; LPM_WIDTHR                                     ; 16         ; Untyped                ;
; LPM_WIDTHS                                     ; 1          ; Untyped                ;
; LPM_REPRESENTATION                             ; UNSIGNED   ; Untyped                ;
; LPM_PIPELINE                                   ; 0          ; Untyped                ;
; LATENCY                                        ; 0          ; Untyped                ;
; INPUT_A_IS_CONSTANT                            ; NO         ; Untyped                ;
; INPUT_B_IS_CONSTANT                            ; NO         ; Untyped                ;
; USE_EAB                                        ; OFF        ; Untyped                ;
; MAXIMIZE_SPEED                                 ; 5          ; Untyped                ;
; DEVICE_FAMILY                                  ; Cyclone II ; Untyped                ;
; CARRY_CHAIN                                    ; MANUAL     ; Untyped                ;
; APEX20K_TECHNOLOGY_MAPPER                      ; LUT        ; TECH_MAPPER_APEX20K    ;
; DEDICATED_MULTIPLIER_CIRCUITRY                 ; AUTO       ; Untyped                ;
; DEDICATED_MULTIPLIER_MIN_INPUT_WIDTH_FOR_AUTO  ; 0          ; Untyped                ;
; DEDICATED_MULTIPLIER_MIN_OUTPUT_WIDTH_FOR_AUTO ; 0          ; Untyped                ;
; CBXI_PARAMETER                                 ; mult_o5t   ; Untyped                ;
; INPUT_A_FIXED_VALUE                            ; Bx         ; Untyped                ;
; INPUT_B_FIXED_VALUE                            ; Bx         ; Untyped                ;
; USE_AHDL_IMPLEMENTATION                        ; OFF        ; Untyped                ;
+------------------------------------------------+------------+------------------------+
Note: In order to hide this table in the UI and the text report file, please set the "Show Parameter Settings in Synthesis Report" option in "Analysis and Synthesis Settings -> More Settings" to "Off".


+-----------------------------------------------------------------------------+
; lpm_mult Parameter Settings by Entity Instance                              ;
+---------------------------------------+-------------------------------------+
; Name                                  ; Value                               ;
+---------------------------------------+-------------------------------------+
; Number of entity instances            ; 4                                   ;
; Entity Instance                       ; sum_python_4:sum_all|lpm_mult:Mult3 ;
;     -- LPM_WIDTHA                     ; 8                                   ;
;     -- LPM_WIDTHB                     ; 8                                   ;
;     -- LPM_WIDTHP                     ; 16                                  ;
;     -- LPM_REPRESENTATION             ; UNSIGNED                            ;
;     -- INPUT_A_IS_CONSTANT            ; NO                                  ;
;     -- INPUT_B_IS_CONSTANT            ; NO                                  ;
;     -- USE_EAB                        ; OFF                                 ;
;     -- DEDICATED_MULTIPLIER_CIRCUITRY ; AUTO                                ;
;     -- INPUT_A_FIXED_VALUE            ; Bx                                  ;
;     -- INPUT_B_FIXED_VALUE            ; Bx                                  ;
; Entity Instance                       ; sum_python_4:sum_all|lpm_mult:Mult2 ;
;     -- LPM_WIDTHA                     ; 8                                   ;
;     -- LPM_WIDTHB                     ; 8                                   ;
;     -- LPM_WIDTHP                     ; 16                                  ;
;     -- LPM_REPRESENTATION             ; UNSIGNED                            ;
;     -- INPUT_A_IS_CONSTANT            ; NO                                  ;
;     -- INPUT_B_IS_CONSTANT            ; NO                                  ;
;     -- USE_EAB                        ; OFF                                 ;
;     -- DEDICATED_MULTIPLIER_CIRCUITRY ; AUTO                                ;
;     -- INPUT_A_FIXED_VALUE            ; Bx                                  ;
;     -- INPUT_B_FIXED_VALUE            ; Bx                                  ;
; Entity Instance                       ; sum_python_4:sum_all|lpm_mult:Mult1 ;
;     -- LPM_WIDTHA                     ; 8                                   ;
;     -- LPM_WIDTHB                     ; 8                                   ;
;     -- LPM_WIDTHP                     ; 16                                  ;
;     -- LPM_REPRESENTATION             ; UNSIGNED                            ;
;     -- INPUT_A_IS_CONSTANT            ; NO                                  ;
;     -- INPUT_B_IS_CONSTANT            ; NO                                  ;
;     -- USE_EAB                        ; OFF                                 ;
;     -- DEDICATED_MULTIPLIER_CIRCUITRY ; AUTO                                ;
;     -- INPUT_A_FIXED_VALUE            ; Bx                                  ;
;     -- INPUT_B_FIXED_VALUE            ; Bx                                  ;
; Entity Instance                       ; sum_python_4:sum_all|lpm_mult:Mult0 ;
;     -- LPM_WIDTHA                     ; 8                                   ;
;     -- LPM_WIDTHB                     ; 8                                   ;
;     -- LPM_WIDTHP                     ; 16                                  ;
;     -- LPM_REPRESENTATION             ; UNSIGNED                            ;
;     -- INPUT_A_IS_CONSTANT            ; NO                                  ;
;     -- INPUT_B_IS_CONSTANT            ; NO                                  ;
;     -- USE_EAB                        ; OFF                                 ;
;     -- DEDICATED_MULTIPLIER_CIRCUITRY ; AUTO                                ;
;     -- INPUT_A_FIXED_VALUE            ; Bx                                  ;
;     -- INPUT_B_FIXED_VALUE            ; Bx                                  ;
+---------------------------------------+-------------------------------------+


+----------------------------------------------------------------------------------------------------------------+
; Port Connectivity Checks: "registrador:reg_sum"                                                                ;
+------+--------+----------+-------------------------------------------------------------------------------------+
; Port ; Type   ; Severity ; Details                                                                             ;
+------+--------+----------+-------------------------------------------------------------------------------------+
; q    ; Output ; Info     ; Connected to dangling logic. Logic that only feeds a dangling port will be removed. ;
+------+--------+----------+-------------------------------------------------------------------------------------+


+-------------------------------+
; Elapsed Time Per Partition    ;
+----------------+--------------+
; Partition Name ; Elapsed Time ;
+----------------+--------------+
; Top            ; 00:00:12     ;
+----------------+--------------+


+-------------------------------+
; Analysis & Synthesis Messages ;
+-------------------------------+
Info: *******************************************************************
Info: Running Quartus II 64-Bit Analysis & Synthesis
    Info: Version 13.0.1 Build 232 06/12/2013 Service Pack 1 SJ Web Edition
    Info: Processing started: Fri Feb 19 16:24:29 2021
Info: Command: quartus_map --read_settings_files=on --write_settings_files=off NN_Neuron -c NN_Neuron
Warning (20028): Parallel compilation is not licensed and has been disabled
Info (12021): Found 2 design units, including 1 entities, in source file python_vhds/n_40/top_tb_python_40.vhd
    Info (12022): Found design unit 1: top_tb_python_40-tb
    Info (12023): Found entity 1: top_tb_python_40
Info (12021): Found 2 design units, including 1 entities, in source file python_vhds/n_40/top_no_comp_python_40.vhd
    Info (12022): Found design unit 1: top_no_comp_python_40-behavior
    Info (12023): Found entity 1: top_no_comp_python_40
Info (12021): Found 2 design units, including 1 entities, in source file python_vhds/n_40/sum_python_40.vhd
    Info (12022): Found design unit 1: sum_python_40-behavior
    Info (12023): Found entity 1: sum_python_40
Info (12021): Found 2 design units, including 1 entities, in source file python_vhds/n_20/top_tb_python_20.vhd
    Info (12022): Found design unit 1: top_tb_python_20-tb
    Info (12023): Found entity 1: top_tb_python_20
Info (12021): Found 2 design units, including 1 entities, in source file python_vhds/n_20/top_no_comp_python_20.vhd
    Info (12022): Found design unit 1: top_no_comp_python_20-behavior
    Info (12023): Found entity 1: top_no_comp_python_20
Info (12021): Found 2 design units, including 1 entities, in source file python_vhds/n_20/sum_python_20.vhd
    Info (12022): Found design unit 1: sum_python_20-behavior
    Info (12023): Found entity 1: sum_python_20
Info (12021): Found 2 design units, including 1 entities, in source file python_vhds/n_4/top_tb_python_4.vhd
    Info (12022): Found design unit 1: top_tb_python_4-tb
    Info (12023): Found entity 1: top_tb_python_4
Info (12021): Found 2 design units, including 1 entities, in source file python_vhds/n_4/top_no_comp_python_4.vhd
    Info (12022): Found design unit 1: top_no_comp_python_4-behavior
    Info (12023): Found entity 1: top_no_comp_python_4
Info (12021): Found 2 design units, including 1 entities, in source file python_vhds/n_4/sum_python_4.vhd
    Info (12022): Found design unit 1: sum_python_4-behavior
    Info (12023): Found entity 1: sum_python_4
Info (12021): Found 2 design units, including 1 entities, in source file sum_normalbits.vhd
    Info (12022): Found design unit 1: sum_normalbits-behavior
    Info (12023): Found entity 1: sum_normalbits
Info (12021): Found 2 design units, including 1 entities, in source file mem.vhd
    Info (12022): Found design unit 1: mem-Behavioral
    Info (12023): Found entity 1: mem
Info (12021): Found 2 design units, including 0 entities, in source file std_dt.vhd
    Info (12022): Found design unit 1: STD_DT
    Info (12022): Found design unit 2: STD_DT-body
Info (12021): Found 2 design units, including 1 entities, in source file top_no_components.vhd
    Info (12022): Found design unit 1: top_no_components-behavior
    Info (12023): Found entity 1: top_no_components
Info (12021): Found 2 design units, including 1 entities, in source file top_tb3.vhd
    Info (12022): Found design unit 1: top_tb3-tb
    Info (12023): Found entity 1: top_tb3
Info (12021): Found 2 design units, including 1 entities, in source file registrador.vhd
    Info (12022): Found design unit 1: registrador-estrutura
    Info (12023): Found entity 1: registrador
Info (12021): Found 2 design units, including 1 entities, in source file rom_1_port.vhd
    Info (12022): Found design unit 1: rom_1_port-SYN
    Info (12023): Found entity 1: rom_1_port
Info (12021): Found 2 design units, including 1 entities, in source file tb_rom.vhd
    Info (12022): Found design unit 1: tb_rom-tb
    Info (12023): Found entity 1: tb_rom
Info (12021): Found 2 design units, including 1 entities, in source file rom_1_port_v2.vhd
    Info (12022): Found design unit 1: rom_1_port_v2-SYN
    Info (12023): Found entity 1: rom_1_port_v2
Info (12021): Found 2 design units, including 1 entities, in source file top_no_components_new.vhd
    Info (12022): Found design unit 1: top_no_components_new-behavior
    Info (12023): Found entity 1: top_no_components_new
Info (12021): Found 2 design units, including 1 entities, in source file top_tb3_new.vhd
    Info (12022): Found design unit 1: top_tb3_new-tb
    Info (12023): Found entity 1: top_tb3_new
Info (12021): Found 2 design units, including 1 entities, in source file sum_python.vhd
    Info (12022): Found design unit 1: sum_python-behavior
    Info (12023): Found entity 1: sum_python
Info (12021): Found 2 design units, including 1 entities, in source file top_no_comp_python.vhd
    Info (12022): Found design unit 1: top_no_comp_python-behavior
    Info (12023): Found entity 1: top_no_comp_python
Info (12021): Found 2 design units, including 1 entities, in source file top_tb_python.vhd
    Info (12022): Found design unit 1: top_tb_python-tb
    Info (12023): Found entity 1: top_tb_python
Info (12127): Elaborating entity "top_no_comp_python_4" for the top level hierarchy
Warning (10036): Verilog HDL or VHDL warning at top_no_comp_python_4.vhd(56): object "out_reg_sum" assigned a value but never read
Warning (10785): VHDL warning at top_no_comp_python_4.vhd(94): synthesis ignores all but the first waveform
Warning (10785): VHDL warning at top_no_comp_python_4.vhd(98): synthesis ignores all but the first waveform
Warning (10785): VHDL warning at top_no_comp_python_4.vhd(106): synthesis ignores all but the first waveform
Info (12128): Elaborating entity "sum_python_4" for hierarchy "sum_python_4:sum_all"
Info (12128): Elaborating entity "registrador" for hierarchy "registrador:reg_sum"
Info (12128): Elaborating entity "mem" for hierarchy "mem:memory"
Warning (10631): VHDL Process Statement warning at mem.vhd(25): inferring latch(es) for signal or variable "x", which holds its previous value in one or more paths through the process
Info (10041): Inferred latch for "x[0]" at mem.vhd(25)
Info (10041): Inferred latch for "x[1]" at mem.vhd(25)
Info (10041): Inferred latch for "x[2]" at mem.vhd(25)
Info (10041): Inferred latch for "x[3]" at mem.vhd(25)
Info (10041): Inferred latch for "x[4]" at mem.vhd(25)
Info (10041): Inferred latch for "x[5]" at mem.vhd(25)
Info (10041): Inferred latch for "x[6]" at mem.vhd(25)
Info (10041): Inferred latch for "x[7]" at mem.vhd(25)
Info (10041): Inferred latch for "x[8]" at mem.vhd(25)
Info (10041): Inferred latch for "x[9]" at mem.vhd(25)
Info (10041): Inferred latch for "x[10]" at mem.vhd(25)
Info (10041): Inferred latch for "x[11]" at mem.vhd(25)
Info (10041): Inferred latch for "x[12]" at mem.vhd(25)
Info (10041): Inferred latch for "x[13]" at mem.vhd(25)
Info (10041): Inferred latch for "x[14]" at mem.vhd(25)
Info (10041): Inferred latch for "x[15]" at mem.vhd(25)
Info (10041): Inferred latch for "x[16]" at mem.vhd(25)
Info (10041): Inferred latch for "x[17]" at mem.vhd(25)
Info (10041): Inferred latch for "x[18]" at mem.vhd(25)
Info (10041): Inferred latch for "x[19]" at mem.vhd(25)
Info (10041): Inferred latch for "x[20]" at mem.vhd(25)
Info (10041): Inferred latch for "x[21]" at mem.vhd(25)
Info (10041): Inferred latch for "x[22]" at mem.vhd(25)
Info (10041): Inferred latch for "x[23]" at mem.vhd(25)
Info (10041): Inferred latch for "x[24]" at mem.vhd(25)
Info (10041): Inferred latch for "x[25]" at mem.vhd(25)
Info (10041): Inferred latch for "x[26]" at mem.vhd(25)
Info (10041): Inferred latch for "x[27]" at mem.vhd(25)
Info (10041): Inferred latch for "x[28]" at mem.vhd(25)
Info (10041): Inferred latch for "x[29]" at mem.vhd(25)
Info (10041): Inferred latch for "x[30]" at mem.vhd(25)
Info (278001): Inferred 4 megafunctions from design logic
    Info (278003): Inferred multiplier megafunction ("lpm_mult") from the following logic: "sum_python_4:sum_all|Mult3"
    Info (278003): Inferred multiplier megafunction ("lpm_mult") from the following logic: "sum_python_4:sum_all|Mult2"
    Info (278003): Inferred multiplier megafunction ("lpm_mult") from the following logic: "sum_python_4:sum_all|Mult1"
    Info (278003): Inferred multiplier megafunction ("lpm_mult") from the following logic: "sum_python_4:sum_all|Mult0"
Info (12130): Elaborated megafunction instantiation "sum_python_4:sum_all|lpm_mult:Mult3"
Info (12133): Instantiated megafunction "sum_python_4:sum_all|lpm_mult:Mult3" with the following parameter:
    Info (12134): Parameter "LPM_WIDTHA" = "8"
    Info (12134): Parameter "LPM_WIDTHB" = "8"
    Info (12134): Parameter "LPM_WIDTHP" = "16"
    Info (12134): Parameter "LPM_WIDTHR" = "16"
    Info (12134): Parameter "LPM_WIDTHS" = "1"
    Info (12134): Parameter "LPM_REPRESENTATION" = "UNSIGNED"
    Info (12134): Parameter "INPUT_A_IS_CONSTANT" = "NO"
    Info (12134): Parameter "INPUT_B_IS_CONSTANT" = "NO"
    Info (12134): Parameter "MAXIMIZE_SPEED" = "5"
Info (12021): Found 1 design units, including 1 entities, in source file db/mult_o5t.tdf
    Info (12023): Found entity 1: mult_o5t
Info (16010): Generating hard_block partition "hard_block:auto_generated_inst"
    Info (16011): Adding 0 node(s), including 0 DDIO, 0 PLL, 0 transceiver and 0 LCELL
Info (21057): Implemented 3913 device resources after synthesis - the final resource count might be different
    Info (21058): Implemented 83 input pins
    Info (21059): Implemented 26 output pins
    Info (21061): Implemented 3800 logic cells
    Info (21062): Implemented 4 DSP elements
Info: Quartus II 64-Bit Analysis & Synthesis was successful. 0 errors, 6 warnings
    Info: Peak virtual memory: 4650 megabytes
    Info: Processing ended: Fri Feb 19 16:24:48 2021
    Info: Elapsed time: 00:00:19
    Info: Total CPU time (on all processors): 00:00:14


